// Jest Snapshot v1, https://goo.gl/fbAQLP

exports[`Table3 should match snapshot 1`] = `
<div>
  <table
    class="table table-striped table-bordered table-hover"
  >
    <thead>
      <tr>
        <th>
          Task
        </th>
        <th>
          OK
        </th>
        <th>
          Adjusted
        </th>
        <th>
          Replace
        </th>
        <th>
          Monitor
        </th>
        <th>
          Not Performed
        </th>
      </tr>
    </thead>
    <tbody>
      <tr>
        <td>
          Tire Pressure / Condition
        </td>
        <td>
          <input
            type="checkbox"
          />
        </td>
        <td>
          <div>
            <input
              type="checkbox"
            />
          </div>
        </td>
        <td>
          <input
            type="checkbox"
          />
        </td>
        <td>
          <input
            type="checkbox"
          />
        </td>
        <td>
          <input
            type="checkbox"
          />
        </td>
      </tr>
      <tr>
        <td>
          Brakes
        </td>
        <td>
          <input
            type="checkbox"
          />
        </td>
        <td>
          <div>
            <input
              type="checkbox"
            />
          </div>
        </td>
        <td>
          <input
            type="checkbox"
          />
        </td>
        <td>
          <input
            type="checkbox"
          />
        </td>
        <td>
          <input
            type="checkbox"
          />
        </td>
      </tr>
      <tr>
        <td>
          Drive Shaft
        </td>
        <td>
          <input
            type="checkbox"
          />
        </td>
        <td>
          <div>
            <input
              type="checkbox"
            />
          </div>
        </td>
        <td>
          <input
            type="checkbox"
          />
        </td>
        <td>
          <input
            type="checkbox"
          />
        </td>
        <td>
          <input
            type="checkbox"
          />
        </td>
      </tr>
      <tr>
        <td>
          Springs
        </td>
        <td>
          <input
            type="checkbox"
          />
        </td>
        <td>
          <div>
            <input
              type="checkbox"
            />
          </div>
        </td>
        <td>
          <input
            type="checkbox"
          />
        </td>
        <td>
          <input
            type="checkbox"
          />
        </td>
        <td>
          <input
            type="checkbox"
          />
        </td>
      </tr>
      <tr>
        <td>
          Steering Components
        </td>
        <td>
          <input
            type="checkbox"
          />
        </td>
        <td>
          <div>
            <input
              type="checkbox"
            />
          </div>
        </td>
        <td>
          <input
            type="checkbox"
          />
        </td>
        <td>
          <input
            type="checkbox"
          />
        </td>
        <td>
          <input
            type="checkbox"
          />
        </td>
      </tr>
      <tr>
        <td>
          Coolant
        </td>
        <td>
          <input
            type="checkbox"
          />
        </td>
        <td>
          <div>
            <input
              type="checkbox"
            />
          </div>
        </td>
        <td>
          <input
            type="checkbox"
          />
        </td>
        <td>
          <input
            type="checkbox"
          />
        </td>
        <td>
          <input
            type="checkbox"
          />
        </td>
      </tr>
      <tr>
        <td>
          Power Steering
        </td>
        <td>
          <input
            type="checkbox"
          />
        </td>
        <td>
          <div>
            <input
              type="checkbox"
            />
          </div>
        </td>
        <td>
          <input
            type="checkbox"
          />
        </td>
        <td>
          <input
            type="checkbox"
          />
        </td>
        <td>
          <input
            type="checkbox"
          />
        </td>
      </tr>
      <tr>
        <td>
          Check Lights
        </td>
        <td>
          <input
            type="checkbox"
          />
        </td>
        <td>
          <div>
            <input
              type="checkbox"
            />
          </div>
        </td>
        <td>
          <input
            type="checkbox"
          />
        </td>
        <td>
          <input
            type="checkbox"
          />
        </td>
        <td>
          <input
            type="checkbox"
          />
        </td>
      </tr>
      <tr>
        <td>
          Check Strobe
        </td>
        <td>
          <input
            type="checkbox"
          />
        </td>
        <td>
          <div>
            <input
              type="checkbox"
            />
          </div>
        </td>
        <td>
          <input
            type="checkbox"
          />
        </td>
        <td>
          <input
            type="checkbox"
          />
        </td>
        <td>
          <input
            type="checkbox"
          />
        </td>
      </tr>
      <tr>
        <td>
          Check Backup Alarm
        </td>
        <td>
          <input
            type="checkbox"
          />
        </td>
        <td>
          <div>
            <input
              type="checkbox"
            />
          </div>
        </td>
        <td>
          <input
            type="checkbox"
          />
        </td>
        <td>
          <input
            type="checkbox"
          />
        </td>
        <td>
          <input
            type="checkbox"
          />
        </td>
      </tr>
      <tr>
        <td>
          Check Wipers
        </td>
        <td>
          <input
            type="checkbox"
          />
        </td>
        <td>
          <div>
            <input
              type="checkbox"
            />
          </div>
        </td>
        <td>
          <input
            type="checkbox"
          />
        </td>
        <td>
          <input
            type="checkbox"
          />
        </td>
        <td>
          <input
            type="checkbox"
          />
        </td>
      </tr>
      <tr>
        <td>
          Check DOT
        </td>
        <td>
          <input
            type="checkbox"
          />
        </td>
        <td>
          <div>
            <input
              type="checkbox"
            />
          </div>
        </td>
        <td>
          <input
            type="checkbox"
          />
        </td>
        <td>
          <input
            type="checkbox"
          />
        </td>
        <td>
          <input
            type="checkbox"
          />
        </td>
      </tr>
      <tr>
        <td>
          Check ANSI
        </td>
        <td>
          <input
            type="checkbox"
          />
        </td>
        <td>
          <div>
            <input
              type="checkbox"
            />
          </div>
        </td>
        <td>
          <input
            type="checkbox"
          />
        </td>
        <td>
          <input
            type="checkbox"
          />
        </td>
        <td>
          <input
            type="checkbox"
          />
        </td>
      </tr>
      <tr>
        <td>
          Check FRA
        </td>
        <td>
          <input
            type="checkbox"
          />
        </td>
        <td>
          <div>
            <input
              type="checkbox"
            />
          </div>
        </td>
        <td>
          <input
            type="checkbox"
          />
        </td>
        <td>
          <input
            type="checkbox"
          />
        </td>
        <td>
          <input
            type="checkbox"
          />
        </td>
      </tr>
    </tbody>
  </table>
</div>
`;
